	Command being timed: "/nobackup/pjjg18/revbayes/projects/cmake/build/rb mc3time.Rev"
	User time (seconds): 3800.23
	System time (seconds): 0.82
	Percent of CPU this job got: 99%
	Elapsed (wall clock) time (h:mm:ss or m:ss): 1:03:43
	Average shared text size (kbytes): 0
	Average unshared data size (kbytes): 0
	Average stack size (kbytes): 0
	Average total size (kbytes): 0
	Maximum resident set size (kbytes): 3016608
	Average resident set size (kbytes): 0
	Major (requiring I/O) page faults: 3213
	Minor (reclaiming a frame) page faults: 185283
	Voluntary context switches: 533
	Involuntary context switches: 8945
	Swaps: 0
	File system inputs: 100160
	File system outputs: 368
	Socket messages sent: 0
	Socket messages received: 0
	Signals delivered: 0
	Page size (bytes): 4096
	Exit status: 0
